{
  "Get-AzElasticTagRule+[NoContext]+List+$GET+https://management.azure.com/subscriptions/5a611eed-e33a-44e8-92b1-3f6bf835905e/resourceGroups/elastic-rg-3eytki/providers/Microsoft.Elastic/monitors/elastic-d49xjm/tagRules?api-version=2020-07-01+1": {
    "Request": {
      "Method": "GET",
      "RequestUri": "https://management.azure.com/subscriptions/5a611eed-e33a-44e8-92b1-3f6bf835905e/resourceGroups/elastic-rg-3eytki/providers/Microsoft.Elastic/monitors/elastic-d49xjm/tagRules?api-version=2020-07-01",
      "Content": null,
      "isContentBase64": false,
      "Headers": {
        "x-ms-unique-id": [ "1" ],
        "x-ms-client-request-id": [ "57f9dffd-96b0-4c16-b67e-bdd8ac2c1bd8" ],
        "CommandName": [ "Get-AzElasticTagRule" ],
        "FullCommandName": [ "Get-AzElasticTagRule_List" ],
        "ParameterSetName": [ "__AllParameterSets" ],
        "User-Agent": [ "AzurePowershell/Az4.0.0-preview" ],
        "Authorization": [ "[Filtered]" ]
      },
      "ContentHeaders": {
      }
    },
    "Response": {
      "StatusCode": 200,
      "Headers": {
        "Cache-Control": [ "no-cache" ],
        "Pragma": [ "no-cache" ],
        "x-ms-ratelimit-remaining-subscription-reads": [ "11996" ],
        "x-ms-providerhub-traffic": [ "True" ],
        "x-ms-request-id": [ "e933fa40-ea70-417d-bf41-8c79bba38bd6" ],
        "x-ms-correlation-request-id": [ "1cf73790-186f-475d-a8b7-50b06df3c533" ],
        "x-ms-routing-request-id": [ "SOUTHEASTASIA:20210906T082339Z:1cf73790-186f-475d-a8b7-50b06df3c533" ],
        "Strict-Transport-Security": [ "max-age=31536000; includeSubDomains" ],
        "X-Content-Type-Options": [ "nosniff" ],
        "Date": [ "Mon, 06 Sep 2021 08:23:38 GMT" ]
      },
      "ContentHeaders": {
        "Content-Length": [ "619" ],
        "Content-Type": [ "application/json; charset=utf-8" ],
        "Expires": [ "-1" ]
      },
      "Content": "{\"value\":[{\"id\":\"/subscriptions/5a611eed-e33a-44e8-92b1-3f6bf835905e/resourceGroups/elastic-rg-3eytki/providers/Microsoft.Elastic/monitors/elastic-d49xjm/tagRules/default\",\"name\":\"default\",\"type\":\"microsoft.elastic/monitors/tagrules\",\"systemData\":{\"createdBy\":\"v-diya@microsoft.com\",\"createdByType\":\"User\",\"createdAt\":\"2021-09-06T07:13:47.527095Z\",\"lastModifiedBy\":\"v-diya@microsoft.com\",\"lastModifiedByType\":\"User\",\"lastModifiedAt\":\"2021-09-06T07:13:47.527095Z\"},\"properties\":{\"provisioningState\":\"Succeeded\",\"logRules\":{\"sendAadLogs\":false,\"sendSubscriptionLogs\":false,\"sendActivityLogs\":false,\"filteringTags\":[]}}}]}",
      "isContentBase64": false
    }
  },
  "Get-AzElasticTagRule+[NoContext]+Get+$GET+https://management.azure.com/subscriptions/5a611eed-e33a-44e8-92b1-3f6bf835905e/resourceGroups/elastic-rg-3eytki/providers/Microsoft.Elastic/monitors/elastic-d49xjm/tagRules/default?api-version=2020-07-01+1": {
    "Request": {
      "Method": "GET",
      "RequestUri": "https://management.azure.com/subscriptions/5a611eed-e33a-44e8-92b1-3f6bf835905e/resourceGroups/elastic-rg-3eytki/providers/Microsoft.Elastic/monitors/elastic-d49xjm/tagRules/default?api-version=2020-07-01",
      "Content": null,
      "isContentBase64": false,
      "Headers": {
        "x-ms-unique-id": [ "2" ],
        "x-ms-client-request-id": [ "f8943d55-e65a-4a6b-8d46-98d669bc4e09" ],
        "CommandName": [ "Get-AzElasticTagRule" ],
        "FullCommandName": [ "Get-AzElasticTagRule_Get" ],
        "ParameterSetName": [ "__AllParameterSets" ],
        "User-Agent": [ "AzurePowershell/Az4.0.0-preview" ],
        "Authorization": [ "[Filtered]" ]
      },
      "ContentHeaders": {
      }
    },
    "Response": {
      "StatusCode": 200,
      "Headers": {
        "Cache-Control": [ "no-cache" ],
        "Pragma": [ "no-cache" ],
        "ETag": [ "\"1600075d-0000-0800-0000-6135bfac0000\"" ],
        "x-ms-ratelimit-remaining-subscription-reads": [ "11995" ],
        "x-ms-providerhub-traffic": [ "True" ],
        "x-ms-request-id": [ "ea57e48e-8e68-4784-ac34-4029cc164d2b" ],
        "x-ms-correlation-request-id": [ "27cd6f33-3810-405a-8613-21a8aa90dc8c" ],
        "x-ms-routing-request-id": [ "SOUTHEASTASIA:20210906T082339Z:27cd6f33-3810-405a-8613-21a8aa90dc8c" ],
        "Strict-Transport-Security": [ "max-age=31536000; includeSubDomains" ],
        "X-Content-Type-Options": [ "nosniff" ],
        "Date": [ "Mon, 06 Sep 2021 08:23:38 GMT" ]
      },
      "ContentHeaders": {
        "Content-Length": [ "607" ],
        "Content-Type": [ "application/json; charset=utf-8" ],
        "Expires": [ "-1" ]
      },
      "Content": "{\"id\":\"/subscriptions/5a611eed-e33a-44e8-92b1-3f6bf835905e/resourceGroups/elastic-rg-3eytki/providers/Microsoft.Elastic/monitors/elastic-d49xjm/tagRules/default\",\"name\":\"default\",\"type\":\"microsoft.elastic/monitors/tagrules\",\"systemData\":{\"createdBy\":\"v-diya@microsoft.com\",\"createdByType\":\"User\",\"createdAt\":\"2021-09-06T07:13:47.527095Z\",\"lastModifiedBy\":\"v-diya@microsoft.com\",\"lastModifiedByType\":\"User\",\"lastModifiedAt\":\"2021-09-06T07:13:47.527095Z\"},\"properties\":{\"provisioningState\":\"Succeeded\",\"logRules\":{\"sendAadLogs\":false,\"sendSubscriptionLogs\":false,\"sendActivityLogs\":false,\"filteringTags\":[]}}}",
      "isContentBase64": false
    }
  },
  "Get-AzElasticTagRule+[NoContext]+GetViaIdentity+$GET+https://management.azure.com/subscriptions/5a611eed-e33a-44e8-92b1-3f6bf835905e/resourceGroups/elastic-rg-3eytki/providers/Microsoft.Elastic/monitors/elastic-d49xjm/tagRules/default?api-version=2020-07-01+1": {
    "Request": {
      "Method": "GET",
      "RequestUri": "https://management.azure.com/subscriptions/5a611eed-e33a-44e8-92b1-3f6bf835905e/resourceGroups/elastic-rg-3eytki/providers/Microsoft.Elastic/monitors/elastic-d49xjm/tagRules/default?api-version=2020-07-01",
      "Content": null,
      "isContentBase64": false,
      "Headers": {
        "x-ms-unique-id": [ "3" ],
        "x-ms-client-request-id": [ "554e990e-ac3c-4f8c-bc27-e366b2962833" ],
        "CommandName": [ "Get-AzElasticTagRule" ],
        "FullCommandName": [ "Get-AzElasticTagRule_Get" ],
        "ParameterSetName": [ "__AllParameterSets" ],
        "User-Agent": [ "AzurePowershell/Az4.0.0-preview" ],
        "Authorization": [ "[Filtered]" ]
      },
      "ContentHeaders": {
      }
    },
    "Response": {
      "StatusCode": 200,
      "Headers": {
        "Cache-Control": [ "no-cache" ],
        "Pragma": [ "no-cache" ],
        "ETag": [ "\"1600075d-0000-0800-0000-6135bfac0000\"" ],
        "x-ms-ratelimit-remaining-subscription-reads": [ "11994" ],
        "x-ms-providerhub-traffic": [ "True" ],
        "x-ms-request-id": [ "0cb0c9e7-2cfc-4e1c-baa9-7b2cd1032189" ],
        "x-ms-correlation-request-id": [ "f15ae809-0569-4e80-aa0a-ba737e64f225" ],
        "x-ms-routing-request-id": [ "SOUTHEASTASIA:20210906T082339Z:f15ae809-0569-4e80-aa0a-ba737e64f225" ],
        "Strict-Transport-Security": [ "max-age=31536000; includeSubDomains" ],
        "X-Content-Type-Options": [ "nosniff" ],
        "Date": [ "Mon, 06 Sep 2021 08:23:39 GMT" ]
      },
      "ContentHeaders": {
        "Content-Length": [ "607" ],
        "Content-Type": [ "application/json; charset=utf-8" ],
        "Expires": [ "-1" ]
      },
      "Content": "{\"id\":\"/subscriptions/5a611eed-e33a-44e8-92b1-3f6bf835905e/resourceGroups/elastic-rg-3eytki/providers/Microsoft.Elastic/monitors/elastic-d49xjm/tagRules/default\",\"name\":\"default\",\"type\":\"microsoft.elastic/monitors/tagrules\",\"systemData\":{\"createdBy\":\"v-diya@microsoft.com\",\"createdByType\":\"User\",\"createdAt\":\"2021-09-06T07:13:47.527095Z\",\"lastModifiedBy\":\"v-diya@microsoft.com\",\"lastModifiedByType\":\"User\",\"lastModifiedAt\":\"2021-09-06T07:13:47.527095Z\"},\"properties\":{\"provisioningState\":\"Succeeded\",\"logRules\":{\"sendAadLogs\":false,\"sendSubscriptionLogs\":false,\"sendActivityLogs\":false,\"filteringTags\":[]}}}",
      "isContentBase64": false
    }
  },
  "Get-AzElasticTagRule+[NoContext]+GetViaIdentity+$GET+https://management.azure.com/subscriptions/5a611eed-e33a-44e8-92b1-3f6bf835905e/resourceGroups/elastic-rg-3eytki/providers/Microsoft.Elastic/monitors/elastic-d49xjm/tagRules/default?api-version=2020-07-01+2": {
    "Request": {
      "Method": "GET",
      "RequestUri": "https://management.azure.com/subscriptions/5a611eed-e33a-44e8-92b1-3f6bf835905e/resourceGroups/elastic-rg-3eytki/providers/Microsoft.Elastic/monitors/elastic-d49xjm/tagRules/default?api-version=2020-07-01",
      "Content": null,
      "isContentBase64": false,
      "Headers": {
        "x-ms-unique-id": [ "4" ],
        "x-ms-client-request-id": [ "35cce818-522b-4acb-a9b2-17bd65e2d916" ],
        "CommandName": [ "Get-AzElasticTagRule" ],
        "FullCommandName": [ "Get-AzElasticTagRule_GetViaIdentity" ],
        "ParameterSetName": [ "__AllParameterSets" ],
        "User-Agent": [ "AzurePowershell/Az4.0.0-preview" ],
        "Authorization": [ "[Filtered]" ]
      },
      "ContentHeaders": {
      }
    },
    "Response": {
      "StatusCode": 200,
      "Headers": {
        "Cache-Control": [ "no-cache" ],
        "Pragma": [ "no-cache" ],
        "ETag": [ "\"1600075d-0000-0800-0000-6135bfac0000\"" ],
        "x-ms-ratelimit-remaining-subscription-reads": [ "11993" ],
        "x-ms-providerhub-traffic": [ "True" ],
        "x-ms-request-id": [ "8a774a1d-e48f-46dd-b7b0-a97d8b0acad8" ],
        "x-ms-correlation-request-id": [ "bcb49bbc-e4fb-4d61-89ca-dfc7759124a9" ],
        "x-ms-routing-request-id": [ "SOUTHEASTASIA:20210906T082340Z:bcb49bbc-e4fb-4d61-89ca-dfc7759124a9" ],
        "Strict-Transport-Security": [ "max-age=31536000; includeSubDomains" ],
        "X-Content-Type-Options": [ "nosniff" ],
        "Date": [ "Mon, 06 Sep 2021 08:23:39 GMT" ]
      },
      "ContentHeaders": {
        "Content-Length": [ "607" ],
        "Content-Type": [ "application/json; charset=utf-8" ],
        "Expires": [ "-1" ]
      },
      "Content": "{\"id\":\"/subscriptions/5a611eed-e33a-44e8-92b1-3f6bf835905e/resourceGroups/elastic-rg-3eytki/providers/Microsoft.Elastic/monitors/elastic-d49xjm/tagRules/default\",\"name\":\"default\",\"type\":\"microsoft.elastic/monitors/tagrules\",\"systemData\":{\"createdBy\":\"v-diya@microsoft.com\",\"createdByType\":\"User\",\"createdAt\":\"2021-09-06T07:13:47.527095Z\",\"lastModifiedBy\":\"v-diya@microsoft.com\",\"lastModifiedByType\":\"User\",\"lastModifiedAt\":\"2021-09-06T07:13:47.527095Z\"},\"properties\":{\"provisioningState\":\"Succeeded\",\"logRules\":{\"sendAadLogs\":false,\"sendSubscriptionLogs\":false,\"sendActivityLogs\":false,\"filteringTags\":[]}}}",
      "isContentBase64": false
    }
  }
}